--------------------------------------------------------------------------------
TSNE(early_exaggeration=12, n_jobs=128, perplexity=100, random_state=42,
     verbose=True)
--------------------------------------------------------------------------------
===> Finding 300 nearest neighbors using Annoy approximate search using euclidean distance...
   --> Time elapsed: 39.73 seconds
===> Calculating affinity matrix...
   --> Time elapsed: 0.14 seconds
===> Calculating PCA-based initialization...
   --> Time elapsed: 1.38 seconds
===> Running optimization with exaggeration=12.00, lr=480.00 for 250 iterations...
Iteration   50, KL divergence 3.1246, 50 iterations in 334.0824 sec
Iteration  100, KL divergence 3.2187, 50 iterations in 316.5472 sec
Iteration  150, KL divergence 3.2184, 50 iterations in 314.7010 sec
Iteration  200, KL divergence 3.2184, 50 iterations in 313.7027 sec
Iteration  250, KL divergence 3.2185, 50 iterations in 320.1335 sec
   --> Time elapsed: 1599.17 seconds
===> Running optimization with exaggeration=1.00, lr=5760.00 for 500 iterations...
Iteration   50, KL divergence 0.8522, 50 iterations in 302.3494 sec
Iteration  100, KL divergence 0.7663, 50 iterations in 291.8565 sec
Iteration  150, KL divergence 0.7381, 50 iterations in 285.2146 sec
Iteration  200, KL divergence 0.7251, 50 iterations in 293.0638 sec
Iteration  250, KL divergence 0.7178, 50 iterations in 297.7301 sec
Iteration  300, KL divergence 0.7129, 50 iterations in 298.6769 sec
Iteration  350, KL divergence 0.7093, 50 iterations in 302.7146 sec
Iteration  400, KL divergence 0.7066, 50 iterations in 303.4391 sec
Iteration  450, KL divergence 0.7046, 50 iterations in 307.9953 sec
Iteration  500, KL divergence 0.7031, 50 iterations in 303.0498 sec
   --> Time elapsed: 2986.10 seconds
===> Finding 15 nearest neighbors in existing embedding using Annoy approximate search...
   --> Time elapsed: 10.34 seconds
===> Calculating affinity matrix...
   --> Time elapsed: 0.01 seconds
===> Running optimization with exaggeration=4.00, lr=0.10 for 0 iterations...
   --> Time elapsed: 0.00 seconds
===> Running optimization with exaggeration=1.50, lr=0.10 for 250 iterations...
Iteration   50, KL divergence 14279.2000, 50 iterations in 79.0568 sec
Iteration  100, KL divergence 14243.8672, 50 iterations in 75.4826 sec
Iteration  150, KL divergence 14226.0598, 50 iterations in 74.5627 sec
Iteration  200, KL divergence 14218.4505, 50 iterations in 78.4871 sec
Iteration  250, KL divergence 14218.2080, 50 iterations in 79.3757 sec
   --> Time elapsed: 386.97 seconds
t-SNE completed in 5039.4057 seconds with perplexity=100, n_jobs=128
t-SNE visualization saved to /global/homes/d/dhaura/repos/graph-visualization/tsne/output/openTSNE/COIL20_p_100.png
KNNG Classifier Accuracy: 0.8646 in 0.0026 seconds with n_neighbors=10
KNNG Classifier Accuracy: 0.7917 in 0.0022 seconds with n_neighbors=20
KNNG Classifier Accuracy: 0.6764 in 0.0023 seconds with n_neighbors=50
KNNG Classifier Accuracy: 0.5743 in 0.0023 seconds with n_neighbors=100
