Loading images from /global/cfs/cdirs/m4293/visulaization_paper/small_scale/MNIST/train-images-idx3-ubyte
--------------------------------------------------------------------------------
TSNE(early_exaggeration=12, n_jobs=128, perplexity=20, random_state=42,
     verbose=True)
--------------------------------------------------------------------------------
===> Finding 60 nearest neighbors using Annoy approximate search using euclidean distance...
   --> Time elapsed: 25.41 seconds
===> Calculating affinity matrix...
   --> Time elapsed: 0.18 seconds
===> Calculating PCA-based initialization...
   --> Time elapsed: 0.76 seconds
===> Running optimization with exaggeration=12.00, lr=4000.00 for 250 iterations...
Iteration   50, KL divergence 6.0041, 50 iterations in 1.1815 sec
Iteration  100, KL divergence 5.8160, 50 iterations in 1.1605 sec
Iteration  150, KL divergence 5.7551, 50 iterations in 1.2049 sec
Iteration  200, KL divergence 5.7332, 50 iterations in 1.3491 sec
Iteration  250, KL divergence 5.7239, 50 iterations in 1.1373 sec
   --> Time elapsed: 6.04 seconds
===> Running optimization with exaggeration=1.00, lr=48000.00 for 500 iterations...
Iteration   50, KL divergence 3.5559, 50 iterations in 1.2109 sec
Iteration  100, KL divergence 3.2737, 50 iterations in 1.8293 sec
Iteration  150, KL divergence 3.1277, 50 iterations in 2.5568 sec
Iteration  200, KL divergence 3.0314, 50 iterations in 3.6087 sec
Iteration  250, KL divergence 2.9609, 50 iterations in 4.4681 sec
Iteration  300, KL divergence 2.9059, 50 iterations in 5.0512 sec
Iteration  350, KL divergence 2.8618, 50 iterations in 5.5267 sec
Iteration  400, KL divergence 2.8244, 50 iterations in 6.5431 sec
Iteration  450, KL divergence 2.7933, 50 iterations in 7.5732 sec
Iteration  500, KL divergence 2.7657, 50 iterations in 7.9447 sec
   --> Time elapsed: 46.32 seconds
===> Finding 15 nearest neighbors in existing embedding using Annoy approximate search...
   --> Time elapsed: 2.39 seconds
===> Calculating affinity matrix...
   --> Time elapsed: 0.01 seconds
===> Running optimization with exaggeration=4.00, lr=0.10 for 0 iterations...
   --> Time elapsed: 0.00 seconds
===> Running optimization with exaggeration=1.50, lr=0.10 for 250 iterations...
Iteration   50, KL divergence 171503.0474, 50 iterations in 0.2903 sec
Iteration  100, KL divergence 170072.8468, 50 iterations in 0.2855 sec
Iteration  150, KL divergence 169228.3994, 50 iterations in 0.2788 sec
Iteration  200, KL divergence 168660.3552, 50 iterations in 0.2805 sec
Iteration  250, KL divergence 168229.5104, 50 iterations in 0.2783 sec
   --> Time elapsed: 1.42 seconds
t-SNE completed in 83.0845 seconds with perplexity=20, n_jobs=128
t-SNE visualization saved to /global/homes/d/dhaura/repos/graph-visualization/tsne/output/openTSNE/MNIST_p_20.png
KNNG Classifier Accuracy: 0.9507 in 0.0179 seconds with n_neighbors=10
KNNG Classifier Accuracy: 0.9503 in 0.0175 seconds with n_neighbors=20
KNNG Classifier Accuracy: 0.9497 in 0.0175 seconds with n_neighbors=50
KNNG Classifier Accuracy: 0.9487 in 0.0176 seconds with n_neighbors=100
