--------------------------------------------------------------------------------
TSNE(early_exaggeration=12, n_jobs=128, perplexity=50, random_state=42,
     verbose=True)
--------------------------------------------------------------------------------
===> Finding 150 nearest neighbors using Annoy approximate search using euclidean distance...
   --> Time elapsed: 9.84 seconds
===> Calculating affinity matrix...
   --> Time elapsed: 0.53 seconds
===> Calculating PCA-based initialization...
   --> Time elapsed: 0.23 seconds
===> Running optimization with exaggeration=12.00, lr=6666.67 for 250 iterations...
Iteration   50, KL divergence 6.5223, 50 iterations in 2.5331 sec
Iteration  100, KL divergence 6.5803, 50 iterations in 2.6038 sec
Iteration  150, KL divergence 6.5813, 50 iterations in 2.0873 sec
Iteration  200, KL divergence 6.5813, 50 iterations in 2.0893 sec
Iteration  250, KL divergence 6.5813, 50 iterations in 2.0543 sec
   --> Time elapsed: 11.37 seconds
===> Running optimization with exaggeration=1.00, lr=80000.00 for 500 iterations...
Iteration   50, KL divergence 4.0709, 50 iterations in 2.0336 sec
Iteration  100, KL divergence 3.8591, 50 iterations in 2.6034 sec
Iteration  150, KL divergence 3.7637, 50 iterations in 3.3145 sec
Iteration  200, KL divergence 3.7056, 50 iterations in 4.0057 sec
Iteration  250, KL divergence 3.6657, 50 iterations in 4.7465 sec
Iteration  300, KL divergence 3.6360, 50 iterations in 5.2982 sec
Iteration  350, KL divergence 3.6123, 50 iterations in 5.7708 sec
Iteration  400, KL divergence 3.5923, 50 iterations in 6.4335 sec
Iteration  450, KL divergence 3.5760, 50 iterations in 6.7872 sec
Iteration  500, KL divergence 3.5625, 50 iterations in 7.5678 sec
   --> Time elapsed: 48.57 seconds
--------------------------------------------------------------------------------
TSNE(early_exaggeration=12, n_jobs=128, perplexity=50, random_state=42,
     verbose=True)
--------------------------------------------------------------------------------
===> Finding 150 nearest neighbors using Annoy approximate search using euclidean distance...
   --> Time elapsed: 11.34 seconds
===> Calculating affinity matrix...
   --> Time elapsed: 0.46 seconds
===> Calculating PCA-based initialization...
   --> Time elapsed: 0.21 seconds
===> Running optimization with exaggeration=12.00, lr=6666.67 for 250 iterations...
Iteration   50, KL divergence 6.5223, 50 iterations in 1.9563 sec
Iteration  100, KL divergence 6.5803, 50 iterations in 1.9809 sec
Iteration  150, KL divergence 6.5813, 50 iterations in 1.9732 sec
Iteration  200, KL divergence 6.5813, 50 iterations in 1.9643 sec
Iteration  250, KL divergence 6.5813, 50 iterations in 1.9631 sec
   --> Time elapsed: 9.84 seconds
===> Running optimization with exaggeration=1.00, lr=80000.00 for 500 iterations...
Iteration   50, KL divergence 4.0709, 50 iterations in 1.9840 sec
Iteration  100, KL divergence 3.8591, 50 iterations in 2.4231 sec
Iteration  150, KL divergence 3.7637, 50 iterations in 3.1065 sec
Iteration  200, KL divergence 3.7056, 50 iterations in 4.2156 sec
Iteration  250, KL divergence 3.6657, 50 iterations in 4.8431 sec
Iteration  300, KL divergence 3.6360, 50 iterations in 5.0484 sec
Iteration  350, KL divergence 3.6123, 50 iterations in 5.6465 sec
Iteration  400, KL divergence 3.5923, 50 iterations in 6.4243 sec
Iteration  450, KL divergence 3.5760, 50 iterations in 6.6913 sec
Iteration  500, KL divergence 3.5625, 50 iterations in 7.6292 sec
   --> Time elapsed: 48.02 seconds
t-SNE completed in 70.4736 seconds with perplexity=50, n_jobs=128
Embedding stability (Procrustes MSE): 6.2500e-06
