--------------------------------------------------------------------------------
TSNE(early_exaggeration=12, n_jobs=128, perplexity=50, random_state=42,
     verbose=True)
--------------------------------------------------------------------------------
===> Finding 150 nearest neighbors using Annoy approximate search using euclidean distance...
   --> Time elapsed: 2.64 seconds
===> Calculating affinity matrix...
   --> Time elapsed: 0.13 seconds
===> Calculating PCA-based initialization...
   --> Time elapsed: 0.07 seconds
===> Running optimization with exaggeration=12.00, lr=1666.67 for 250 iterations...
Iteration   50, KL divergence 5.3494, 50 iterations in 0.8404 sec
Iteration  100, KL divergence 5.4051, 50 iterations in 0.7791 sec
Iteration  150, KL divergence 5.4052, 50 iterations in 0.7790 sec
Iteration  200, KL divergence 5.4052, 50 iterations in 0.7860 sec
Iteration  250, KL divergence 5.4052, 50 iterations in 0.8370 sec
   --> Time elapsed: 4.03 seconds
===> Running optimization with exaggeration=1.00, lr=20000.00 for 500 iterations...
Iteration   50, KL divergence 3.0550, 50 iterations in 0.8101 sec
Iteration  100, KL divergence 2.8951, 50 iterations in 1.0834 sec
Iteration  150, KL divergence 2.8296, 50 iterations in 1.5131 sec
Iteration  200, KL divergence 2.7918, 50 iterations in 1.8609 sec
Iteration  250, KL divergence 2.7683, 50 iterations in 2.2967 sec
Iteration  300, KL divergence 2.7513, 50 iterations in 2.9115 sec
Iteration  350, KL divergence 2.7390, 50 iterations in 2.9650 sec
Iteration  400, KL divergence 2.7288, 50 iterations in 3.4003 sec
Iteration  450, KL divergence 2.7209, 50 iterations in 3.7232 sec
Iteration  500, KL divergence 2.7139, 50 iterations in 4.0187 sec
   --> Time elapsed: 24.60 seconds
--------------------------------------------------------------------------------
TSNE(early_exaggeration=12, n_jobs=128, perplexity=50, random_state=42,
     verbose=True)
--------------------------------------------------------------------------------
===> Finding 150 nearest neighbors using Annoy approximate search using euclidean distance...
   --> Time elapsed: 2.01 seconds
===> Calculating affinity matrix...
   --> Time elapsed: 0.12 seconds
===> Calculating PCA-based initialization...
   --> Time elapsed: 0.04 seconds
===> Running optimization with exaggeration=12.00, lr=1666.67 for 250 iterations...
Iteration   50, KL divergence 5.3494, 50 iterations in 0.8117 sec
Iteration  100, KL divergence 5.4051, 50 iterations in 0.7658 sec
Iteration  150, KL divergence 5.4052, 50 iterations in 0.8024 sec
Iteration  200, KL divergence 5.4052, 50 iterations in 0.8443 sec
Iteration  250, KL divergence 5.4052, 50 iterations in 0.8442 sec
   --> Time elapsed: 4.07 seconds
===> Running optimization with exaggeration=1.00, lr=20000.00 for 500 iterations...
Iteration   50, KL divergence 3.0550, 50 iterations in 0.9106 sec
Iteration  100, KL divergence 2.8951, 50 iterations in 1.1647 sec
Iteration  150, KL divergence 2.8296, 50 iterations in 1.5398 sec
Iteration  200, KL divergence 2.7918, 50 iterations in 1.8985 sec
Iteration  250, KL divergence 2.7683, 50 iterations in 2.4109 sec
Iteration  300, KL divergence 2.7513, 50 iterations in 2.9975 sec
Iteration  350, KL divergence 2.7390, 50 iterations in 3.1307 sec
Iteration  400, KL divergence 2.7288, 50 iterations in 3.4372 sec
Iteration  450, KL divergence 2.7209, 50 iterations in 3.9216 sec
Iteration  500, KL divergence 2.7139, 50 iterations in 4.2295 sec
   --> Time elapsed: 25.67 seconds
t-SNE completed in 31.8145 seconds with perplexity=50, n_jobs=128
Embedding stability (Procrustes MSE): 2.5000e-05
